{
    "level": "info",
    "method": "POST",
    "path": "/api/v1/products",
    "query": "",
    "ip": "::1",
    "user_agent": "PostmanRuntime/7.54.0",
    "referer": "",
    "protocol": "HTTP/1.1",
    "host": "localhost:8080",
    "content_type": "multipart/form-data",
    "headers": {
        "Accept": [
            "*/*"
        ],
        "Accept-Encoding": [
            "gzip, deflate, br"
        ],
        "Connection": [
            "keep-alive"
        ],
        "Content-Length": [
            "25475"
        ],
        "Content-Type": [
            "multipart/form-data; boundary=--------------------------700487773851872257385254"
        ],
        "Postman-Token": [
            "508d0e06-1945-41c8-aa56-4fe0b9338d1e"
        ],
        "User-Agent": [
            "PostmanRuntime/7.54.0"
        ],
        "X-Api-Key": [
            "1234"
        ]
    },
    "status": 400,
    "duration": "0s",
    "body": {
        "form_files": [
            {
                "Content-Type": "image/jpeg",
                "field": "image",
                "filename": "971a3a65286009010ff8015994ec6e1f.jpg",
                "size": 25240
            }
        ]
    },
    "time": "2026-07-08T07:59:31+07:00",
    "message": "request completed"
}{"level":"info","method":"POST","path":"/api/v1/products","query":"","ip":"::1","user_agent":"PostmanRuntime/7.54.0","referer":"","protocol":"HTTP/1.1","host":"localhost:8080","content_type":"application/json","headers":{"Accept":["*/*"],"Accept-Encoding":["gzip, deflate, br"],"Connection":["keep-alive"],"Content-Length":["27"],"Content-Type":["application/json"],"Postman-Token":["b1442d0c-b4bc-469e-a9b4-111f7477c0f8"],"User-Agent":["PostmanRuntime/7.54.0"],"X-Api-Key":["1234"]},"status":201,"duration":"589.6µs","body":{"Name":"KienDz"},"time":"2026-07-08T08:25:47+07:00","message":"request completed"}
