{
    "level": "info",
    "method": "GET",
    "path": "/api/v1/users",
    "query": "",
    "ip": "::1",
    "user_agent": "PostmanRuntime/7.54.0",
    "referer": "",
    "protocol": "HTTP/1.1",
    "host": "localhost:8080",
    "content_type": "application/json",
    "headers": {
        "Accept": [
            "*/*"
        ],
        "Accept-Encoding": [
            "gzip, deflate, br"
        ],
        "Connection": [
            "keep-alive"
        ],
        "Content-Length": [
            "27"
        ],
        "Content-Type": [
            "application/json"
        ],
        "Postman-Token": [
            "bd3ad86e-356d-4e40-b7f6-0661eaedd8b7"
        ],
        "User-Agent": [
            "PostmanRuntime/7.54.0"
        ],
        "X-Api-Key": [
            "1234"
        ]
    },
    "status": 200,
    "duration": "515.4µs",
    "body": {
        "Name": "KienDz"
    },
    "time": "2026-07-18T14:46:08+07:00",
    "message": "request completed"
}{"level":"info","method":"POST","path":"/api/v1/users","query":"","ip":"::1","user_agent":"PostmanRuntime/7.54.0","referer":"","protocol":"HTTP/1.1","host":"localhost:8080","content_type":"application/json","headers":{"Accept":["*/*"],"Accept-Encoding":["gzip, deflate, br"],"Connection":["keep-alive"],"Content-Length":["27"],"Content-Type":["application/json"],"Postman-Token":["978fb1ea-06f6-48b8-9823-babd0cb7c0ac"],"User-Agent":["PostmanRuntime/7.54.0"],"X-Api-Key":["1234"]},"status":200,"duration":"0s","body":{"Name":"KienDz"},"time":"2026-07-20T21:44:40+07:00","message":"request completed"}
{"level":"info","method":"POST","path":"/api/v1/users","query":"","ip":"::1","user_agent":"PostmanRuntime/7.54.0","referer":"","protocol":"HTTP/1.1","host":"localhost:8080","content_type":"","headers":{"Accept":["*/*"],"Accept-Encoding":["gzip, deflate, br"],"Connection":["keep-alive"],"Content-Length":["0"],"Postman-Token":["22313bcd-e277-4b51-aba3-91b31d720c60"],"User-Agent":["PostmanRuntime/7.54.0"],"X-Api-Key":["1234"]},"status":400,"duration":"0s","body":{},"time":"2026-07-20T21:45:15+07:00","message":"request completed"}
{"level":"info","method":"POST","path":"/api/v1/users","query":"","ip":"::1","user_agent":"PostmanRuntime/7.54.0","referer":"","protocol":"HTTP/1.1","host":"localhost:8080","content_type":"application/json","headers":{"Accept":["*/*"],"Accept-Encoding":["gzip, deflate, br"],"Connection":["keep-alive"],"Content-Length":["10"],"Content-Type":["application/json"],"Postman-Token":["0b506c5c-63ed-4585-a0b2-6241c2fd19bc"],"User-Agent":["PostmanRuntime/7.54.0"],"X-Api-Key":["1234"]},"status":200,"duration":"0s","body":{},"time":"2026-07-20T21:46:47+07:00","message":"request completed"}
{"level":"info","method":"POST","path":"/api/v1/users","query":"","ip":"::1","user_agent":"PostmanRuntime/7.54.0","referer":"","protocol":"HTTP/1.1","host":"localhost:8080","content_type":"application/json","headers":{"Accept":["*/*"],"Accept-Encoding":["gzip, deflate, br"],"Connection":["keep-alive"],"Content-Length":["145"],"Content-Type":["application/json"],"Postman-Token":["1e2756d3-8920-4bc0-a44c-d601fbd02054"],"User-Agent":["PostmanRuntime/7.54.0"],"X-Api-Key":["1234"]},"status":201,"duration":"50.0486ms","body":{"age":10,"email":"kienDz@gmail.com","level":1,"name":"KienDz","password":"12345678","status":1},"time":"2026-07-22T08:09:50+07:00","message":"request completed"}
{"level":"info","method":"POST","path":"/api/v1/users","query":"","ip":"::1","user_agent":"PostmanRuntime/7.54.0","referer":"","protocol":"HTTP/1.1","host":"localhost:8080","content_type":"application/json","headers":{"Accept":["*/*"],"Accept-Encoding":["gzip, deflate, br"],"Connection":["keep-alive"],"Content-Length":["145"],"Content-Type":["application/json"],"Postman-Token":["753238c0-f2ca-4c83-854a-5fff386a4e39"],"User-Agent":["PostmanRuntime/7.54.0"],"X-Api-Key":["1234"]},"status":201,"duration":"0s","body":{"age":10,"email":"kienDz@gmail.com","level":1,"name":"KienDz","password":"12345678","status":1},"time":"2026-07-22T08:10:08+07:00","message":"request completed"}
{"level":"info","method":"POST","path":"/api/v1/users","query":"","ip":"::1","user_agent":"PostmanRuntime/7.54.0","referer":"","protocol":"HTTP/1.1","host":"localhost:8080","content_type":"application/json","headers":{"Accept":["*/*"],"Accept-Encoding":["gzip, deflate, br"],"Connection":["keep-alive"],"Content-Length":["145"],"Content-Type":["application/json"],"Postman-Token":["e86b0927-e0bd-422d-aa78-9980d70b45d7"],"User-Agent":["PostmanRuntime/7.54.0"],"X-Api-Key":["1234"]},"status":201,"duration":"65.6214ms","body":{"age":10,"email":"kienDz@gmail.com","level":1,"name":"KienDz","password":"12345678","status":1},"time":"2026-07-22T08:14:24+07:00","message":"request completed"}
{"level":"info","method":"POST","path":"/api/v1/users","query":"","ip":"::1","user_agent":"PostmanRuntime/7.54.0","referer":"","protocol":"HTTP/1.1","host":"localhost:8080","content_type":"application/json","headers":{"Accept":["*/*"],"Accept-Encoding":["gzip, deflate, br"],"Connection":["keep-alive"],"Content-Length":["145"],"Content-Type":["application/json"],"Postman-Token":["5921e5b6-6087-4f21-89bd-79c70e1db40c"],"User-Agent":["PostmanRuntime/7.54.0"],"X-Api-Key":["1234"]},"status":409,"duration":"0s","body":{"age":10,"email":"kienDz@gmail.com","level":1,"name":"KienDz","password":"12345678","status":1},"time":"2026-07-22T08:14:26+07:00","message":"request completed"}
{"level":"info","method":"POST","path":"/api/v1/users","query":"","ip":"::1","user_agent":"PostmanRuntime/7.54.0","referer":"","protocol":"HTTP/1.1","host":"localhost:8080","content_type":"application/json","headers":{"Accept":["*/*"],"Accept-Encoding":["gzip, deflate, br"],"Connection":["keep-alive"],"Content-Length":["145"],"Content-Type":["application/json"],"Postman-Token":["881af110-747e-4e16-9d8e-cc6b1d13dfc2"],"User-Agent":["PostmanRuntime/7.54.0"],"X-Api-Key":["1234"]},"status":201,"duration":"74.3108ms","body":{"age":10,"email":"kienDz@gmail.com","level":1,"name":"KienDz","password":"12345678","status":1},"time":"2026-07-22T08:17:51+07:00","message":"request completed"}
{"level":"info","method":"POST","path":"/api/v1/users","query":"","ip":"::1","user_agent":"PostmanRuntime/7.54.0","referer":"","protocol":"HTTP/1.1","host":"localhost:8080","content_type":"application/json","headers":{"Accept":["*/*"],"Accept-Encoding":["gzip, deflate, br"],"Connection":["keep-alive"],"Content-Length":["145"],"Content-Type":["application/json"],"Postman-Token":["2c0739a9-c84c-4c45-a726-0119e72574d7"],"User-Agent":["PostmanRuntime/7.54.0"],"X-Api-Key":["1234"]},"status":409,"duration":"0s","body":{"age":10,"email":"kienDz@gmail.com","level":1,"name":"KienDz","password":"12345678","status":1},"time":"2026-07-22T08:17:52+07:00","message":"request completed"}
